U2FsdGVkX19fTms3OENxUo1gCUGHBGsV3p305fpCYRRaQ3BVoqRFaQkdUNk2e6f0
hOpxldEL0teftH10QL2HoAxqMwMR2ZJ9aaVvxVXufU3IR6vyyCd/D5ROeWinQok+
n0dUJAsJn+9vrgIKxcY1W+eh3wjc2AIvPapf1jum5hI7VmdIghhivdBW0Zhw964r
WyNFlBy2StXDA+KvpsFNcCsx50FLIXuwZUbt5Rjn/GyIb5JvS/GOfC1kRKdwMfSa
AS6xVjDZ/f+S0zC9WcZpfqQ5Jw+u8/ek10ejiCBcSYVbI0WUHLZK1cMD4q+mwU1w
MPVlgAGjFd0OC9mQhQXFBAtCxE3ygMuCxsl9U98GNg2lXmE+0tdGSk8OTnYC5gZz
Db6yCJp/vNZVCz13dXtfV+9k7I/yNa63hjeysejnXXSe38XhScCd34xLlayHItBq
yZlO3R7H0Hb80ZkEvNzIw5TnaRixBDEGl9n3AqZ70SlN+xmXnbbpMn6wq86+Z01M
9pVu+vlPowYEIkBywniTLk1bw6ieUBQJfxAP0ZWqygGgX8ja7dyfI5eWgN/hsYcM
Fu3I60mDPJInZNHYpBjKK7bg9DuGwfe1OrQYNt+iun0crCSCAeOsQgAdElpsLZXn
cJylYrsfwYUkBoYrH3AoyPtKT/avwEbL8JjmHqwzvjQbUysXc1+whJbCK6788LJ7
EuHUHr0ycrQA7Anuf1kq4U6x0/a/xHYalsfKEzjLca/2Ohc7+PKI2meBoLfuo6aI
EQJya9rXede3AX9ka+R0MHG0FhG2ILOKCIUrYvJ1nQALGlos/+4KZCQGdfQiUVtO
bBZrUT/DlEVmgbh3BZCWKbjVnR78Ojv3JIyaVFGWCXQP866h/iAxHaMneRZ6PHTr
RhGuObKGrZ3w9X1VuGxJp6Q9I8cqwHY7xHTPxWMNUB+v0+LJR05wQHlPV8BAheni
ocsNs4kkjHkPVTiXxCpEjI9Q8/VXNPDndHw+OxEuvPzgJHiPeF4Waqc2eY5WAtLu
e4YnkjxDR9yc46L1RZ0dX9QL1WGAFMh+jATYWj2t5S1tqPdcG+cKcdVyCW7KSou7
sAIPzbVdvZ5RuPSZ303AX6S84Ytzq38lreusd0WjiVpBkC8IzZAveECBpZrNv55X
mpENJfohgHGuawXfMK5SMdKIRC3o1oOVtk80ph5MOBv+Ku4DrrDpeSXhluZmiGVy
j8OZHsphUj13TyNrkxpuMLtTSMZHjweig7/r2LmOHFd4WULp+Hz+OpujuF721uph
g0Ynydbq7Unip75rJmJwiKRHaG8RPzv+RrbOxC94Fg5ZcuZs15bYG5HeasmmYex5
NdZFZyL11eVT+csNiGmGL1H9yt8Un+UHkCDZyTDF3/mb/Q1xbgK9ZOJZTS2kApwU
eqMh/6+nagH6xODfF6+gTySpz3yZ7qMl4/7bEhjQWahFCX2A96qRXxQ5QCy47dgE
b2jVv2KTdD4LmVm65kWwJ3Bz7yoB76tKPeYPPUj9BqaJ5nxhx9hKctKO1OQ4IqhW
X+VLS3RUCzxcHtzqQdjztNY9Hu3LunkGkm2/aEvg12So8hmX2WFKjjv5WBzvUDbo
goKofoFi9v71uIJiRINM3MgMfztTb7vmzm5SMssxIpDCPU3KXMwHtElM64kqJhEA
B0RXe8b8K7PwFcSOd3BtxXoHmU1BkFM1jIAmNlLFySApoSMElEih42+n3pGy5iHy
Z42eZxYgmoqMsIFg3XTRVjDjdMqQvjLv3BtJI321UboBNr1Noy2cU5LHT3YarZhO
/M2U3hXtSEMfsYPBylNZedKi7vfa7ZdLPHtz/z25pJ4=
